# CruiseSpeed ThrottleCmd CruiseState(OFF-1 ON-2 STDBY-3 DIS-4)
0.000000 0.000000 1
0.000000 0.000000 1
0.000000 51.234000 1
0.000000 51.234000 1
0.000000 51.234000 1
0.000000 51.234000 1
0.000000 51.234000 1
0.000000 89.687000 1
0.000000 89.687000 1
0.000000 89.687000 1
0.000000 89.687000 1
0.000000 89.687000 1
0.000000 89.687000 1
0.000000 89.687000 1
0.000000 89.687000 1
0.000000 89.687000 1
0.000000 89.687000 1
0.000000 0.000000 1
36.049000 0.000000 2
36.049000 0.938817 2
36.049000 1.932134 2
36.049000 2.979951 2
36.049000 4.082268 2
36.049000 5.239085 2
36.049000 6.450402 2
36.049000 7.716219 2
36.049000 9.036536 2
36.049000 10.411353 2
36.049000 11.840670 2
36.049000 13.324487 2
36.049000 14.862804 2
36.049000 16.455621 2
36.049000 16.225304 2
36.049000 15.940487 2
36.049000 15.601170 2
36.049000 15.207353 2
36.049000 14.759036 2
36.049000 14.256219 2
38.549000 35.231402 2
38.549000 35.869585 2
38.549000 36.453268 2
38.549000 36.982451 2
38.549000 37.457134 2
38.549000 37.877317 2
38.549000 38.243000 2
38.549000 38.554183 2
38.549000 38.810866 2
38.549000 39.013049 2
41.049000 45.000000 2
41.049000 45.000000 2
43.549000 45.000000 2
43.549000 45.000000 2
43.549000 45.000000 2
43.549000 45.000000 2
43.549000 45.000000 2
43.549000 45.000000 2
43.549000 45.000000 2
43.549000 45.000000 2
41.049000 45.000000 2
41.049000 45.000000 2
41.049000 45.000000 2
41.049000 45.000000 2
41.049000 45.000000 2
41.049000 45.000000 2
41.049000 45.000000 2
41.049000 45.000000 2
41.049000 45.000000 2
41.049000 45.000000 2
36.376000 23.665500 2
36.376000 23.665500 2
36.376000 23.665500 2
36.376000 23.665500 2
36.376000 23.665500 2
36.376000 23.665500 2
36.376000 0.000000 3
36.376000 0.000000 3
36.376000 0.000000 3
36.376000 0.000000 3
36.376000 0.000000 3
36.376000 0.000000 3
36.376000 0.000000 3
36.376000 0.000000 3
36.376000 0.000000 3
36.376000 23.365440 2
36.376000 23.866623 2
36.376000 24.313306 2
36.376000 24.705489 2
36.376000 25.043172 2
36.376000 25.326355 2
36.376000 25.555038 2
36.376000 25.729221 2
36.376000 25.848904 2
36.376000 25.914087 2
36.376000 0.000000 4
36.376000 0.000000 4
36.376000 0.000000 4
36.376000 0.000000 4
36.376000 0.000000 4
36.376000 0.000000 4
36.376000 0.000000 2
36.376000 0.000000 2
36.376000 0.000000 2
36.376000 0.000000 2
36.376000 0.000000 2
36.376000 0.000000 2
36.376000 0.000000 2
36.376000 0.000000 2
36.376000 0.000000 2
36.376000 0.000000 2
36.376000 0.000000 2
36.376000 0.000000 2
36.376000 0.000000 2
36.376000 0.000000 2
36.376000 0.000000 4
36.376000 0.000000 4
36.376000 0.000000 2
36.376000 0.000000 2
36.376000 0.000000 2
36.376000 0.000000 2
36.376000 0.000000 2
36.376000 0.000000 2
36.376000 0.000000 2
36.376000 0.000000 2
36.376000 0.000000 2
36.376000 0.000000 2
36.376000 35.502488 2
36.376000 45.000000 2
36.376000 0.000000 4
36.376000 0.000000 4
36.376000 0.000000 4
36.376000 45.000000 2
36.376000 35.502488 2
36.376000 20.464488 2
36.376000 4.426488 2
36.376000 0.000000 2
36.376000 0.000000 2
38.876000 0.000000 2
38.876000 0.000000 2
41.376000 0.000000 2
41.376000 0.000000 2
43.876000 0.000000 2
43.876000 0.000000 2
0.000000 0.000000 1
0.000000 0.000000 1
0.000000 0.000000 1
0.000000 0.000000 1
150.000000 0.000000 2
150.000000 0.000000 2
150.000000 0.000000 2
147.500000 45.000000 2
147.500000 45.000000 2
145.000000 45.000000 2
145.000000 45.000000 2
142.500000 45.000000 2
142.500000 45.000000 2
142.500000 0.000000 3
142.500000 0.000000 3
142.500000 0.000000 3
142.500000 0.000000 4
142.500000 0.000000 4
142.500000 0.000000 4
142.500000 45.000000 2
142.500000 45.000000 2
142.500000 45.000000 2
145.000000 45.000000 2
147.500000 45.000000 2
147.500000 45.000000 2
147.500000 45.000000 2
147.500000 0.000000 3
147.500000 0.000000 3
147.500000 0.000000 3
147.500000 45.000000 2
147.500000 45.000000 2
0.000000 0.000000 1
0.000000 0.000000 1
0.000000 0.000000 1
